
> ai_voice_interview@0.1.0 build
> next build

โ–ฒ Next.js 16.1.6 (Turbopack)
- Environments: .env

  Creating an optimized production build ...
โ“ Compiled successfully in 4.8s
  Running TypeScript ...
  Collecting page data using 7 workers ...
  Generating static pages using 7 workers (0/9) ...
  Generating static pages using 7 workers (2/9) 
  Generating static pages using 7 workers (4/9) 
  Generating static pages using 7 workers (6/9) 
โ“ Generating static pages using 7 workers (9/9) in 312.0ms
  Finalizing page optimization ...

Route (app)
โ” ฦ’ /
โ” ฦ’ /api/webhooks/clerk
โ” ฦ’ /api/webhooks/vapi
โ” ฦ’ /dashboard
โ” ฦ’ /history
โ” ฦ’ /history/[id]
โ” โ— /interview
โ” โ— /_not-found
โ” ฦ’ /sign-in/[[...sign-in]]
โ”” ฦ’ /sign-up/[[...sign-up]]


ฦ’ Proxy (Middleware)

โ—  (Static)   prerendered as static content
ฦ’  (Dynamic)  server-rendered on demand

